[13756:1] 2026-09-16 10:36:42.421 [0x730C(3) InitializeLog] [SET_LOGPATH] %programdata%\Geni\Insights\logs\cmon.cmd.exe.log
[13756:1] 2026-09-16 10:36:42.422 [0x730C(0) CxCommonApi::LogModuleInfo] [MODULE LOADING] ModuleName cmon64.dll, Version [2.0.0.1], ModulePath C:\Program Files\Geni\Insights\temp\cmon64.dll ModifiedTime 2025-10-14 18:57:34
[13756:1] 2026-09-16 10:36:42.423 [0x730C(183) CxConsoleMonitor::Initialize] [Initialize]
[13756:1] 2026-09-16 10:36:42.423 [0x730C(183) CxSensorPipeClient::Initialize] [Initialize]
[13756:1] 2026-09-16 10:36:42.424 [0x730C(0) CxThreadPool::Initialize] Queue init : OutputQue 0, nThreadPoolSize : 1
[13756:1] 2026-09-16 10:36:42.424 [0x730C(183) CxThreadPool::CreateThreadPool] Create 1 WorkerThread
[13756:1] 2026-09-16 10:36:42.425 [0x730C(183) CxConsoleMonitor::InstallHook] [InstallHook]
[13756:1] 2026-09-16 10:36:42.428 [0x730C(126) CxConsoleMonitor::xGetProcAddress] [GET_PROC_ADDR] ReadConsoleW from kernelbase.dll
[13756:1] 2026-09-16 10:36:42.429 [0x730C(183) CxConsoleMonitor::InstallHook] [INSTALL_HOOK] ReadConsoleW : cmd.exe:13756
[13756:1] 2026-09-16 10:36:42.429 [0x730C(183) CxConsoleMonitor::xGetProcAddress] [GET_PROC_ADDR] ReadConsoleInputW from kernelbase.dll
[13756:1] 2026-09-16 10:36:42.430 [0x730C(183) CxConsoleMonitor::InstallHook] [INSTALL_HOOK] RealReadConsoleInputW : cmd.exe:13756
[13756:1] 2026-09-16 10:36:42.431 [0x730C(183) CxConsoleMonitor::InstallHook] [SUCCESS]
[13756:1] 2026-09-16 10:36:42.432 [0x730C(183) CxConsoleMonitor::GetCmonProfileInfo] [REQ_CMON_PROFILE] 
[13756:1] 2026-09-16 10:36:42.433 [0x730C(0) CxConsoleMonitor::Initialize] [/Initialize] SUCCESS
[13756:1] 2026-09-16 10:36:42.436 [0x7AAC(0) CxThreadPool::ThreadEntry] Worker Thread begins
[13756:1] 2026-09-16 10:36:42.439 [0x7AAC(1) CxSensorPipeClient::SendJson] [SEND][ReqType:4] {
   "PID" : 13756,
   "ProcPath" : "C:\\windows\\system32\\cmd.exe",
   "ReqType" : "xSensorRequestType_GetCmonProfile"
}

[13756:1] 2026-09-16 10:36:42.440 [0x7AAC(183) CxSensorPipeClient::SendJson] [RECV] {
   "MaxConsoleInputLength" : 1000
}

[13756:1] 2026-09-16 10:36:42.441 [0x7AAC(183) CxConsoleMonitor::PipeResponseCallback] [RES_CALLBACK]
[13756:1] 2026-09-16 10:36:42.442 [0x7AAC(183) CxConsoleMonitor::PipeResponseCallback] [CMON_PROFILE] MaxConsoleInputLength : 1000
[13756:1] 2026-09-16 10:36:42.657 [0x730C(126) CxConsoleMonitor::Uninitialize] [Uninitialize]
[13756:1] 2026-09-16 10:36:42.657 [0x730C(183) CxSensorPipeClient::Uninitialize] [Uninitialize]
[13756:1] 2026-09-16 10:36:42.658 [0x730C(183) CxSensorPipeClient::Uninitialize] [/Uninitialize]
[13756:1] 2026-09-16 10:36:42.658 [0x730C(183) CxConsoleMonitor::Uninitialize] [/Uninitialize] SUCCESS
